[2022-12-04T20:08:23.043+0100][0.028s] Heap region size: 1M
[2022-12-04T20:08:23.052+0100][0.038s] Using G1
[2022-12-04T20:08:23.052+0100][0.038s] Heap address: 0x00000000e0000000, size: 512 MB, Compressed Oops mode: 32-bit
[2022-12-04T20:08:23.052+0100][0.038s] Mark closed archive regions in map: [0x00000000fff00000, 0x00000000fff6aff8]
[2022-12-04T20:08:23.052+0100][0.038s] Mark open archive regions in map: [0x00000000ffe00000, 0x00000000ffe47ff8]
[2022-12-04T20:08:23.520+0100][0,505s] GC(0) Pause Young (Normal) (G1 Evacuation Pause)
[2022-12-04T20:08:23.520+0100][0,505s] GC(0) Using 10 workers of 10 for evacuation
[2022-12-04T20:08:23.525+0100][0,510s] GC(0)   Pre Evacuate Collection Set: 0,0ms
[2022-12-04T20:08:23.525+0100][0,510s] GC(0)   Evacuate Collection Set: 4,4ms
[2022-12-04T20:08:23.525+0100][0,510s] GC(0)   Post Evacuate Collection Set: 0,5ms
[2022-12-04T20:08:23.525+0100][0,510s] GC(0)   Other: 0,5ms
[2022-12-04T20:08:23.525+0100][0,510s] GC(0) Eden regions: 30->0(303)
[2022-12-04T20:08:23.525+0100][0,510s] GC(0) Survivor regions: 0->4(4)
[2022-12-04T20:08:23.525+0100][0,510s] GC(0) Old regions: 2->2
[2022-12-04T20:08:23.525+0100][0,510s] GC(0) Humongous regions: 0->0
[2022-12-04T20:08:23.525+0100][0,510s] GC(0) Metaspace: 7293K(8192K)->7293K(8192K) NonClass: 6441K(7168K)->6441K(7168K) Class: 852K(1024K)->852K(1024K)
[2022-12-04T20:08:23.525+0100][0,511s] GC(0) Pause Young (Normal) (G1 Evacuation Pause) 30M->3M(512M) 5,624ms
[2022-12-04T20:08:23.525+0100][0,511s] GC(0) User=0,04s Sys=0,00s Real=0,01s
[2022-12-04T20:08:24.322+0100][1,307s] GC(1) Pause Young (Concurrent Start) (Metadata GC Threshold)
[2022-12-04T20:08:24.322+0100][1,307s] GC(1) Using 10 workers of 10 for evacuation
[2022-12-04T20:08:24.332+0100][1,317s] GC(1)   Pre Evacuate Collection Set: 0,1ms
[2022-12-04T20:08:24.332+0100][1,317s] GC(1)   Evacuate Collection Set: 8,6ms
[2022-12-04T20:08:24.332+0100][1,317s] GC(1)   Post Evacuate Collection Set: 0,7ms
[2022-12-04T20:08:24.332+0100][1,317s] GC(1)   Other: 0,2ms
[2022-12-04T20:08:24.332+0100][1,317s] GC(1) Eden regions: 170->0(168)
[2022-12-04T20:08:24.332+0100][1,317s] GC(1) Survivor regions: 4->18(39)
[2022-12-04T20:08:24.332+0100][1,317s] GC(1) Old regions: 2->2
[2022-12-04T20:08:24.332+0100][1,317s] GC(1) Humongous regions: 4->4
[2022-12-04T20:08:24.332+0100][1,317s] GC(1) Metaspace: 20373K(21296K)->20373K(21296K) NonClass: 18002K(18608K)->18002K(18608K) Class: 2370K(2688K)->2370K(2688K)
[2022-12-04T20:08:24.332+0100][1,317s] GC(1) Pause Young (Concurrent Start) (Metadata GC Threshold) 177M->22M(512M) 9,646ms
[2022-12-04T20:08:24.332+0100][1,317s] GC(1) User=0,05s Sys=0,01s Real=0,02s
[2022-12-04T20:08:24.332+0100][1,317s] GC(2) Concurrent Cycle
[2022-12-04T20:08:24.332+0100][1,317s] GC(2) Concurrent Clear Claimed Marks
[2022-12-04T20:08:24.332+0100][1,317s] GC(2) Concurrent Clear Claimed Marks 0,027ms
[2022-12-04T20:08:24.332+0100][1,317s] GC(2) Concurrent Scan Root Regions
[2022-12-04T20:08:24.334+0100][1,319s] GC(2) Concurrent Scan Root Regions 2,310ms
[2022-12-04T20:08:24.334+0100][1,319s] GC(2) Concurrent Mark (1,319s)
[2022-12-04T20:08:24.334+0100][1,319s] GC(2) Concurrent Mark From Roots
[2022-12-04T20:08:24.334+0100][1,319s] GC(2) Using 3 workers of 3 for marking
[2022-12-04T20:08:24.335+0100][1,320s] GC(2) Concurrent Mark From Roots 1,011ms
[2022-12-04T20:08:24.335+0100][1,320s] GC(2) Concurrent Preclean
[2022-12-04T20:08:24.335+0100][1,320s] GC(2) Concurrent Preclean 0,040ms
[2022-12-04T20:08:24.335+0100][1,320s] GC(2) Concurrent Mark (1,319s, 1,320s) 1,075ms
[2022-12-04T20:08:24.336+0100][1,321s] GC(2) Pause Remark
[2022-12-04T20:08:24.338+0100][1,324s] GC(2) Cleaned string and symbol table, strings: 9618 processed, 0 removed, symbols: 56848 processed, 34 removed
[2022-12-04T20:08:24.338+0100][1,324s] GC(2) Pause Remark 23M->23M(512M) 2,319ms
[2022-12-04T20:08:24.338+0100][1,324s] GC(2) User=0,02s Sys=0,00s Real=0,00s
[2022-12-04T20:08:24.338+0100][1,324s] GC(2) Concurrent Rebuild Remembered Sets
[2022-12-04T20:08:24.341+0100][1,327s] GC(2) Concurrent Rebuild Remembered Sets 2,910ms
[2022-12-04T20:08:24.342+0100][1,327s] GC(2) Pause Cleanup
[2022-12-04T20:08:24.342+0100][1,327s] GC(2) Pause Cleanup 23M->23M(512M) 0,090ms
[2022-12-04T20:08:24.342+0100][1,327s] GC(2) User=0,00s Sys=0,00s Real=0,00s
[2022-12-04T20:08:24.342+0100][1,327s] GC(2) Concurrent Cleanup for Next Mark
[2022-12-04T20:08:24.343+0100][1,329s] GC(2) Concurrent Cleanup for Next Mark 1,621ms
[2022-12-04T20:08:24.343+0100][1,329s] GC(2) Concurrent Cycle 11,692ms
[2022-12-04T20:08:25.016+0100][2,002s] GC(3) Pause Young (Normal) (G1 Evacuation Pause)
[2022-12-04T20:08:25.016+0100][2,002s] GC(3) Using 10 workers of 10 for evacuation
[2022-12-04T20:08:25.027+0100][2,012s] GC(3)   Pre Evacuate Collection Set: 0,0ms
[2022-12-04T20:08:25.027+0100][2,012s] GC(3)   Evacuate Collection Set: 10,2ms
[2022-12-04T20:08:25.027+0100][2,012s] GC(3)   Post Evacuate Collection Set: 0,4ms
[2022-12-04T20:08:25.027+0100][2,012s] GC(3)   Other: 0,1ms
[2022-12-04T20:08:25.027+0100][2,012s] GC(3) Eden regions: 154->0(231)
[2022-12-04T20:08:25.027+0100][2,012s] GC(3) Survivor regions: 18->7(22)
[2022-12-04T20:08:25.027+0100][2,012s] GC(3) Old regions: 2->19
[2022-12-04T20:08:25.027+0100][2,012s] GC(3) Humongous regions: 4->4
[2022-12-04T20:08:25.027+0100][2,012s] GC(3) Metaspace: 30538K(31792K)->30538K(31792K) NonClass: 27017K(27824K)->27017K(27824K) Class: 3521K(3968K)->3521K(3968K)
[2022-12-04T20:08:25.027+0100][2,012s] GC(3) Pause Young (Normal) (G1 Evacuation Pause) 176M->28M(512M) 10,873ms
[2022-12-04T20:08:25.027+0100][2,013s] GC(3) User=0,10s Sys=0,01s Real=0,01s
[2022-12-04T20:08:25.759+0100][2,744s] GC(4) Pause Young (Concurrent Start) (Metadata GC Threshold)
[2022-12-04T20:08:25.759+0100][2,744s] GC(4) Using 10 workers of 10 for evacuation
[2022-12-04T20:08:25.768+0100][2,754s] GC(4)   Pre Evacuate Collection Set: 0,1ms
[2022-12-04T20:08:25.769+0100][2,754s] GC(4)   Evacuate Collection Set: 9,2ms
[2022-12-04T20:08:25.769+0100][2,754s] GC(4)   Post Evacuate Collection Set: 0,3ms
[2022-12-04T20:08:25.769+0100][2,754s] GC(4)   Other: 0,2ms
[2022-12-04T20:08:25.769+0100][2,754s] GC(4) Eden regions: 78->0(254)
[2022-12-04T20:08:25.769+0100][2,754s] GC(4) Survivor regions: 7->8(30)
[2022-12-04T20:08:25.769+0100][2,754s] GC(4) Old regions: 19->19
[2022-12-04T20:08:25.769+0100][2,754s] GC(4) Humongous regions: 4->4
[2022-12-04T20:08:25.769+0100][2,754s] GC(4) Metaspace: 34387K(35632K)->34387K(35632K) NonClass: 30424K(31152K)->30424K(31152K) Class: 3963K(4480K)->3963K(4480K)
[2022-12-04T20:08:25.769+0100][2,754s] GC(4) Pause Young (Concurrent Start) (Metadata GC Threshold) 106M->29M(512M) 9,932ms
[2022-12-04T20:08:25.769+0100][2,754s] GC(4) User=0,02s Sys=0,01s Real=0,01s
[2022-12-04T20:08:25.769+0100][2,754s] GC(5) Concurrent Cycle
[2022-12-04T20:08:25.769+0100][2,754s] GC(5) Concurrent Clear Claimed Marks
[2022-12-04T20:08:25.769+0100][2,754s] GC(5) Concurrent Clear Claimed Marks 0,021ms
[2022-12-04T20:08:25.769+0100][2,754s] GC(5) Concurrent Scan Root Regions
[2022-12-04T20:08:25.770+0100][2,756s] GC(5) Concurrent Scan Root Regions 1,705ms
[2022-12-04T20:08:25.770+0100][2,756s] GC(5) Concurrent Mark (2,756s)
[2022-12-04T20:08:25.770+0100][2,756s] GC(5) Concurrent Mark From Roots
[2022-12-04T20:08:25.770+0100][2,756s] GC(5) Using 3 workers of 3 for marking
[2022-12-04T20:08:25.783+0100][2,768s] GC(5) Concurrent Mark From Roots 12,691ms
[2022-12-04T20:08:25.783+0100][2,769s] GC(5) Concurrent Preclean
[2022-12-04T20:08:25.783+0100][2,769s] GC(5) Concurrent Preclean 0,195ms
[2022-12-04T20:08:25.783+0100][2,769s] GC(5) Concurrent Mark (2,756s, 2,769s) 12,959ms
[2022-12-04T20:08:25.787+0100][2,772s] GC(5) Pause Remark
[2022-12-04T20:08:25.795+0100][2,780s] GC(5) Cleaned string and symbol table, strings: 16193 processed, 25 removed, symbols: 99423 processed, 43 removed
[2022-12-04T20:08:25.796+0100][2,781s] GC(5) Pause Remark 31M->31M(512M) 8,896ms
[2022-12-04T20:08:25.796+0100][2,781s] GC(5) User=0,03s Sys=0,00s Real=0,01s
[2022-12-04T20:08:25.796+0100][2,781s] GC(5) Concurrent Rebuild Remembered Sets
[2022-12-04T20:08:25.802+0100][2,787s] GC(5) Concurrent Rebuild Remembered Sets 6,286ms
[2022-12-04T20:08:25.802+0100][2,788s] GC(5) Pause Cleanup
[2022-12-04T20:08:25.802+0100][2,788s] GC(5) Pause Cleanup 31M->31M(512M) 0,227ms
[2022-12-04T20:08:25.802+0100][2,788s] GC(5) User=0,01s Sys=0,00s Real=0,00s
[2022-12-04T20:08:25.803+0100][2,788s] GC(5) Concurrent Cleanup for Next Mark
[2022-12-04T20:08:25.803+0100][2,789s] GC(5) Concurrent Cleanup for Next Mark 0,442ms
[2022-12-04T20:08:25.803+0100][2,789s] GC(5) Concurrent Cycle 34,837ms
[2022-12-04T20:10:28.831+0100][125,816s] GC(6) Pause Young (Normal) (G1 Evacuation Pause)
[2022-12-04T20:10:28.831+0100][125,816s] GC(6) Using 10 workers of 10 for evacuation
[2022-12-04T20:10:28.858+0100][125,843s] GC(6)   Pre Evacuate Collection Set: 0,0ms
[2022-12-04T20:10:28.858+0100][125,843s] GC(6)   Evacuate Collection Set: 10,7ms
[2022-12-04T20:10:28.858+0100][125,843s] GC(6)   Post Evacuate Collection Set: 15,8ms
[2022-12-04T20:10:28.858+0100][125,843s] GC(6)   Other: 0,5ms
[2022-12-04T20:10:28.858+0100][125,844s] GC(6) Eden regions: 254->0(283)
[2022-12-04T20:10:28.858+0100][125,844s] GC(6) Survivor regions: 8->17(33)
[2022-12-04T20:10:28.858+0100][125,844s] GC(6) Old regions: 19->19
[2022-12-04T20:10:28.858+0100][125,844s] GC(6) Humongous regions: 5->4
[2022-12-04T20:10:28.858+0100][125,844s] GC(6) Metaspace: 46260K(48176K)->46260K(48176K) NonClass: 40764K(41904K)->40764K(41904K) Class: 5496K(6272K)->5496K(6272K)
[2022-12-04T20:10:28.858+0100][125,844s] GC(6) Pause Young (Normal) (G1 Evacuation Pause) 284M->37M(512M) 27,236ms
[2022-12-04T20:10:28.858+0100][125,844s] GC(6) User=0,12s Sys=0,01s Real=0,02s
[2022-12-04T20:10:30.205+0100][127,191s] GC(7) Pause Young (Normal) (G1 Evacuation Pause)
[2022-12-04T20:10:30.206+0100][127,191s] GC(7) Using 10 workers of 10 for evacuation
[2022-12-04T20:10:30.222+0100][127,207s] GC(7)   Pre Evacuate Collection Set: 0,0ms
[2022-12-04T20:10:30.222+0100][127,207s] GC(7)   Evacuate Collection Set: 13,6ms
[2022-12-04T20:10:30.222+0100][127,207s] GC(7)   Post Evacuate Collection Set: 2,6ms
[2022-12-04T20:10:30.222+0100][127,207s] GC(7)   Other: 0,3ms
[2022-12-04T20:10:30.222+0100][127,208s] GC(7) Eden regions: 283->0(285)
[2022-12-04T20:10:30.222+0100][127,208s] GC(7) Survivor regions: 17->22(38)
[2022-12-04T20:10:30.222+0100][127,208s] GC(7) Old regions: 19->19
[2022-12-04T20:10:30.222+0100][127,208s] GC(7) Humongous regions: 4->4
[2022-12-04T20:10:30.222+0100][127,208s] GC(7) Metaspace: 53974K(55856K)->53974K(55856K) NonClass: 47501K(48560K)->47501K(48560K) Class: 6472K(7296K)->6472K(7296K)
[2022-12-04T20:10:30.222+0100][127,208s] GC(7) Pause Young (Normal) (G1 Evacuation Pause) 320M->43M(512M) 16,920ms
[2022-12-04T20:10:30.222+0100][127,208s] GC(7) User=0,10s Sys=0,01s Real=0,01s
[2022-12-04T20:10:38.444+0100][135,430s] GC(8) Pause Young (Concurrent Start) (Metadata GC Threshold)
[2022-12-04T20:10:38.445+0100][135,430s] GC(8) Using 10 workers of 10 for evacuation
[2022-12-04T20:10:38.505+0100][135,490s] GC(8)   Pre Evacuate Collection Set: 0,5ms
[2022-12-04T20:10:38.505+0100][135,490s] GC(8)   Evacuate Collection Set: 49,0ms
[2022-12-04T20:10:38.505+0100][135,490s] GC(8)   Post Evacuate Collection Set: 10,2ms
[2022-12-04T20:10:38.505+0100][135,490s] GC(8)   Other: 0,7ms
[2022-12-04T20:10:38.505+0100][135,490s] GC(8) Eden regions: 209->0(282)
[2022-12-04T20:10:38.505+0100][135,490s] GC(8) Survivor regions: 22->25(39)
[2022-12-04T20:10:38.505+0100][135,490s] GC(8) Old regions: 19->25
[2022-12-04T20:10:38.505+0100][135,490s] GC(8) Humongous regions: 4->4
[2022-12-04T20:10:38.505+0100][135,490s] GC(8) Metaspace: 57624K(59696K)->57624K(59696K) NonClass: 50727K(51888K)->50727K(51888K) Class: 6896K(7808K)->6896K(7808K)
[2022-12-04T20:10:38.505+0100][135,490s] GC(8) Pause Young (Concurrent Start) (Metadata GC Threshold) 251M->52M(512M) 60,487ms
[2022-12-04T20:10:38.505+0100][135,490s] GC(8) User=0,15s Sys=0,00s Real=0,06s
[2022-12-04T20:10:38.505+0100][135,490s] GC(9) Concurrent Cycle
[2022-12-04T20:10:38.505+0100][135,490s] GC(9) Concurrent Clear Claimed Marks
[2022-12-04T20:10:38.506+0100][135,491s] GC(9) Concurrent Clear Claimed Marks 0,469ms
[2022-12-04T20:10:38.506+0100][135,491s] GC(9) Concurrent Scan Root Regions
[2022-12-04T20:10:38.511+0100][135,497s] GC(9) Concurrent Scan Root Regions 5,675ms
[2022-12-04T20:10:38.512+0100][135,497s] GC(9) Concurrent Mark (135,497s)
[2022-12-04T20:10:38.512+0100][135,497s] GC(9) Concurrent Mark From Roots
[2022-12-04T20:10:38.512+0100][135,497s] GC(9) Using 3 workers of 3 for marking
[2022-12-04T20:10:38.538+0100][135,523s] GC(9) Concurrent Mark From Roots 26,069ms
[2022-12-04T20:10:38.538+0100][135,523s] GC(9) Concurrent Preclean
[2022-12-04T20:10:38.538+0100][135,523s] GC(9) Concurrent Preclean 0,200ms
[2022-12-04T20:10:38.538+0100][135,523s] GC(9) Concurrent Mark (135,497s, 135,523s) 26,410ms
[2022-12-04T20:10:38.538+0100][135,523s] GC(9) Pause Remark
[2022-12-04T20:10:38.550+0100][135,535s] GC(9) Cleaned string and symbol table, strings: 27030 processed, 0 removed, symbols: 149998 processed, 494 removed
[2022-12-04T20:10:38.550+0100][135,536s] GC(9) Pause Remark 52M->52M(512M) 12,072ms
[2022-12-04T20:10:38.550+0100][135,536s] GC(9) User=0,07s Sys=0,00s Real=0,01s
[2022-12-04T20:10:38.550+0100][135,536s] GC(9) Concurrent Rebuild Remembered Sets
[2022-12-04T20:10:38.557+0100][135,542s] GC(9) Concurrent Rebuild Remembered Sets 6,378ms
[2022-12-04T20:10:38.557+0100][135,542s] GC(9) Pause Cleanup
[2022-12-04T20:10:38.557+0100][135,543s] GC(9) Pause Cleanup 52M->52M(512M) 0,226ms
[2022-12-04T20:10:38.557+0100][135,543s] GC(9) User=0,00s Sys=0,00s Real=0,00s
[2022-12-04T20:10:38.557+0100][135,543s] GC(9) Concurrent Cleanup for Next Mark
[2022-12-04T20:10:38.558+0100][135,544s] GC(9) Concurrent Cleanup for Next Mark 1,031ms
[2022-12-04T20:10:38.558+0100][135,544s] GC(9) Concurrent Cycle 53,390ms
[2022-12-04T20:26:23.551+0100][1080,537s] GC(10) Pause Young (Normal) (G1 Evacuation Pause)
[2022-12-04T20:26:23.551+0100][1080,537s] GC(10) Using 10 workers of 10 for evacuation
[2022-12-04T20:26:23.569+0100][1080,554s] GC(10)   Pre Evacuate Collection Set: 0,0ms
[2022-12-04T20:26:23.569+0100][1080,554s] GC(10)   Evacuate Collection Set: 11,2ms
[2022-12-04T20:26:23.569+0100][1080,554s] GC(10)   Post Evacuate Collection Set: 5,8ms
[2022-12-04T20:26:23.569+0100][1080,554s] GC(10)   Other: 0,2ms
[2022-12-04T20:26:23.569+0100][1080,554s] GC(10) Eden regions: 282->0(288)
[2022-12-04T20:26:23.569+0100][1080,554s] GC(10) Survivor regions: 25->19(39)
[2022-12-04T20:26:23.569+0100][1080,554s] GC(10) Old regions: 25->34
[2022-12-04T20:26:23.569+0100][1080,554s] GC(10) Humongous regions: 4->4
[2022-12-04T20:26:23.569+0100][1080,554s] GC(10) Metaspace: 59714K(62256K)->59714K(62256K) NonClass: 52637K(54192K)->52637K(54192K) Class: 7076K(8064K)->7076K(8064K)
[2022-12-04T20:26:23.569+0100][1080,554s] GC(10) Pause Young (Normal) (G1 Evacuation Pause) 334M->54M(512M) 17,372ms
[2022-12-04T20:26:23.569+0100][1080,554s] GC(10) User=0,12s Sys=0,00s Real=0,01s
