[2022-12-04T19:54:37.891+0100][0.022s] Heap region size: 1M
[2022-12-04T19:54:37.901+0100][0.032s] Using G1
[2022-12-04T19:54:37.901+0100][0.032s] Heap address: 0x00000000e0000000, size: 512 MB, Compressed Oops mode: 32-bit
[2022-12-04T19:54:37.901+0100][0.032s] Mark closed archive regions in map: [0x00000000fff00000, 0x00000000fff6aff8]
[2022-12-04T19:54:37.901+0100][0.032s] Mark open archive regions in map: [0x00000000ffe00000, 0x00000000ffe47ff8]
[2022-12-04T19:54:38.391+0100][0,522s] GC(0) Pause Young (Normal) (G1 Evacuation Pause)
[2022-12-04T19:54:38.391+0100][0,523s] GC(0) Using 10 workers of 10 for evacuation
[2022-12-04T19:54:38.397+0100][0,529s] GC(0)   Pre Evacuate Collection Set: 0,0ms
[2022-12-04T19:54:38.397+0100][0,529s] GC(0)   Evacuate Collection Set: 5,5ms
[2022-12-04T19:54:38.397+0100][0,529s] GC(0)   Post Evacuate Collection Set: 0,5ms
[2022-12-04T19:54:38.397+0100][0,529s] GC(0)   Other: 0,6ms
[2022-12-04T19:54:38.397+0100][0,529s] GC(0) Eden regions: 30->0(303)
[2022-12-04T19:54:38.397+0100][0,529s] GC(0) Survivor regions: 0->4(4)
[2022-12-04T19:54:38.397+0100][0,529s] GC(0) Old regions: 2->2
[2022-12-04T19:54:38.397+0100][0,529s] GC(0) Humongous regions: 0->0
[2022-12-04T19:54:38.397+0100][0,529s] GC(0) Metaspace: 7312K(8192K)->7312K(8192K) NonClass: 6460K(7168K)->6460K(7168K) Class: 852K(1024K)->852K(1024K)
[2022-12-04T19:54:38.398+0100][0,529s] GC(0) Pause Young (Normal) (G1 Evacuation Pause) 30M->3M(512M) 6,739ms
[2022-12-04T19:54:38.398+0100][0,529s] GC(0) User=0,04s Sys=0,00s Real=0,00s
[2022-12-04T19:54:39.300+0100][1,432s] GC(1) Pause Young (Concurrent Start) (Metadata GC Threshold)
[2022-12-04T19:54:39.300+0100][1,432s] GC(1) Using 10 workers of 10 for evacuation
[2022-12-04T19:54:39.309+0100][1,441s] GC(1)   Pre Evacuate Collection Set: 0,1ms
[2022-12-04T19:54:39.309+0100][1,441s] GC(1)   Evacuate Collection Set: 8,0ms
[2022-12-04T19:54:39.309+0100][1,441s] GC(1)   Post Evacuate Collection Set: 0,5ms
[2022-12-04T19:54:39.309+0100][1,441s] GC(1)   Other: 0,2ms
[2022-12-04T19:54:39.309+0100][1,441s] GC(1) Eden regions: 170->0(171)
[2022-12-04T19:54:39.309+0100][1,441s] GC(1) Survivor regions: 4->18(39)
[2022-12-04T19:54:39.309+0100][1,441s] GC(1) Old regions: 2->2
[2022-12-04T19:54:39.309+0100][1,441s] GC(1) Humongous regions: 4->4
[2022-12-04T19:54:39.309+0100][1,441s] GC(1) Metaspace: 20339K(21248K)->20339K(21248K) NonClass: 17968K(18432K)->17968K(18432K) Class: 2370K(2816K)->2370K(2816K)
[2022-12-04T19:54:39.309+0100][1,441s] GC(1) Pause Young (Concurrent Start) (Metadata GC Threshold) 177M->22M(512M) 8,896ms
[2022-12-04T19:54:39.309+0100][1,441s] GC(1) User=0,05s Sys=0,00s Real=0,01s
[2022-12-04T19:54:39.309+0100][1,441s] GC(2) Concurrent Cycle
[2022-12-04T19:54:39.309+0100][1,441s] GC(2) Concurrent Clear Claimed Marks
[2022-12-04T19:54:39.309+0100][1,441s] GC(2) Concurrent Clear Claimed Marks 0,029ms
[2022-12-04T19:54:39.309+0100][1,441s] GC(2) Concurrent Scan Root Regions
[2022-12-04T19:54:39.312+0100][1,443s] GC(2) Concurrent Scan Root Regions 2,394ms
[2022-12-04T19:54:39.312+0100][1,443s] GC(2) Concurrent Mark (1,443s)
[2022-12-04T19:54:39.312+0100][1,443s] GC(2) Concurrent Mark From Roots
[2022-12-04T19:54:39.312+0100][1,443s] GC(2) Using 3 workers of 3 for marking
[2022-12-04T19:54:39.314+0100][1,446s] GC(2) Concurrent Mark From Roots 2,416ms
[2022-12-04T19:54:39.314+0100][1,446s] GC(2) Concurrent Preclean
[2022-12-04T19:54:39.314+0100][1,446s] GC(2) Concurrent Preclean 0,230ms
[2022-12-04T19:54:39.315+0100][1,446s] GC(2) Concurrent Mark (1,443s, 1,446s) 2,683ms
[2022-12-04T19:54:39.315+0100][1,446s] GC(2) Pause Remark
[2022-12-04T19:54:39.318+0100][1,449s] GC(2) Cleaned string and symbol table, strings: 9611 processed, 0 removed, symbols: 56919 processed, 34 removed
[2022-12-04T19:54:39.318+0100][1,450s] GC(2) Pause Remark 23M->23M(512M) 3,232ms
[2022-12-04T19:54:39.318+0100][1,450s] GC(2) User=0,02s Sys=0,01s Real=0,00s
[2022-12-04T19:54:39.318+0100][1,450s] GC(2) Concurrent Rebuild Remembered Sets
[2022-12-04T19:54:39.320+0100][1,452s] GC(2) Concurrent Rebuild Remembered Sets 2,345ms
[2022-12-04T19:54:39.320+0100][1,452s] GC(2) Pause Cleanup
[2022-12-04T19:54:39.321+0100][1,452s] GC(2) Pause Cleanup 23M->23M(512M) 0,083ms
[2022-12-04T19:54:39.321+0100][1,452s] GC(2) User=0,01s Sys=0,00s Real=0,00s
[2022-12-04T19:54:39.321+0100][1,452s] GC(2) Concurrent Cleanup for Next Mark
[2022-12-04T19:54:39.322+0100][1,454s] GC(2) Concurrent Cleanup for Next Mark 1,672ms
[2022-12-04T19:54:39.322+0100][1,454s] GC(2) Concurrent Cycle 13,005ms
[2022-12-04T19:54:40.100+0100][2,231s] GC(3) Pause Young (Normal) (G1 Evacuation Pause)
[2022-12-04T19:54:40.100+0100][2,231s] GC(3) Using 10 workers of 10 for evacuation
[2022-12-04T19:54:40.108+0100][2,240s] GC(3)   Pre Evacuate Collection Set: 0,0ms
[2022-12-04T19:54:40.108+0100][2,240s] GC(3)   Evacuate Collection Set: 8,2ms
[2022-12-04T19:54:40.108+0100][2,240s] GC(3)   Post Evacuate Collection Set: 0,4ms
[2022-12-04T19:54:40.108+0100][2,240s] GC(3)   Other: 0,1ms
[2022-12-04T19:54:40.108+0100][2,240s] GC(3) Eden regions: 154->0(238)
[2022-12-04T19:54:40.108+0100][2,240s] GC(3) Survivor regions: 18->7(22)
[2022-12-04T19:54:40.108+0100][2,240s] GC(3) Old regions: 2->19
[2022-12-04T19:54:40.108+0100][2,240s] GC(3) Humongous regions: 4->4
[2022-12-04T19:54:40.108+0100][2,240s] GC(3) Metaspace: 30488K(31616K)->30488K(31616K) NonClass: 26957K(27648K)->26957K(27648K) Class: 3530K(3968K)->3530K(3968K)
[2022-12-04T19:54:40.108+0100][2,240s] GC(3) Pause Young (Normal) (G1 Evacuation Pause) 176M->28M(512M) 8,783ms
[2022-12-04T19:54:40.109+0100][2,240s] GC(3) User=0,07s Sys=0,01s Real=0,01s
[2022-12-04T19:54:43.679+0100][5,810s] GC(4) Pause Young (Concurrent Start) (Metadata GC Threshold)
[2022-12-04T19:54:43.679+0100][5,810s] GC(4) Using 10 workers of 10 for evacuation
[2022-12-04T19:54:43.687+0100][5,818s] GC(4)   Pre Evacuate Collection Set: 0,2ms
[2022-12-04T19:54:43.687+0100][5,818s] GC(4)   Evacuate Collection Set: 6,7ms
[2022-12-04T19:54:43.687+0100][5,818s] GC(4)   Post Evacuate Collection Set: 0,5ms
[2022-12-04T19:54:43.687+0100][5,818s] GC(4)   Other: 0,5ms
[2022-12-04T19:54:43.687+0100][5,818s] GC(4) Eden regions: 95->0(299)
[2022-12-04T19:54:43.687+0100][5,818s] GC(4) Survivor regions: 7->8(31)
[2022-12-04T19:54:43.687+0100][5,818s] GC(4) Old regions: 19->19
[2022-12-04T19:54:43.687+0100][5,818s] GC(4) Humongous regions: 4->4
[2022-12-04T19:54:43.687+0100][5,818s] GC(4) Metaspace: 34697K(35840K)->34697K(35840K) NonClass: 30723K(31360K)->30723K(31360K) Class: 3974K(4480K)->3974K(4480K)
[2022-12-04T19:54:43.687+0100][5,818s] GC(4) Pause Young (Concurrent Start) (Metadata GC Threshold) 122M->29M(512M) 7,956ms
[2022-12-04T19:54:43.687+0100][5,818s] GC(4) User=0,02s Sys=0,00s Real=0,01s
[2022-12-04T19:54:43.687+0100][5,818s] GC(5) Concurrent Cycle
[2022-12-04T19:54:43.687+0100][5,818s] GC(5) Concurrent Clear Claimed Marks
[2022-12-04T19:54:43.687+0100][5,818s] GC(5) Concurrent Clear Claimed Marks 0,040ms
[2022-12-04T19:54:43.687+0100][5,818s] GC(5) Concurrent Scan Root Regions
[2022-12-04T19:54:43.689+0100][5,821s] GC(5) Concurrent Scan Root Regions 2,195ms
[2022-12-04T19:54:43.689+0100][5,821s] GC(5) Concurrent Mark (5,821s)
[2022-12-04T19:54:43.689+0100][5,821s] GC(5) Concurrent Mark From Roots
[2022-12-04T19:54:43.689+0100][5,821s] GC(5) Using 3 workers of 3 for marking
[2022-12-04T19:54:43.703+0100][5,835s] GC(5) Concurrent Mark From Roots 14,220ms
[2022-12-04T19:54:43.703+0100][5,835s] GC(5) Concurrent Preclean
[2022-12-04T19:54:43.704+0100][5,835s] GC(5) Concurrent Preclean 0,398ms
[2022-12-04T19:54:43.704+0100][5,835s] GC(5) Concurrent Mark (5,821s, 5,835s) 14,765ms
[2022-12-04T19:54:43.704+0100][5,836s] GC(5) Pause Remark
[2022-12-04T19:54:43.709+0100][5,840s] GC(5) Cleaned string and symbol table, strings: 15515 processed, 26 removed, symbols: 98718 processed, 44 removed
[2022-12-04T19:54:43.709+0100][5,840s] GC(5) Pause Remark 31M->31M(512M) 4,794ms
[2022-12-04T19:54:43.709+0100][5,841s] GC(5) User=0,02s Sys=0,00s Real=0,00s
[2022-12-04T19:54:43.711+0100][5,842s] GC(5) Concurrent Rebuild Remembered Sets
[2022-12-04T19:54:43.716+0100][5,847s] GC(5) Concurrent Rebuild Remembered Sets 4,975ms
[2022-12-04T19:54:43.717+0100][5,848s] GC(5) Pause Cleanup
[2022-12-04T19:54:43.717+0100][5,848s] GC(5) Pause Cleanup 32M->32M(512M) 0,147ms
[2022-12-04T19:54:43.717+0100][5,848s] GC(5) User=0,00s Sys=0,00s Real=0,00s
[2022-12-04T19:54:43.717+0100][5,848s] GC(5) Concurrent Cleanup for Next Mark
[2022-12-04T19:54:43.717+0100][5,849s] GC(5) Concurrent Cleanup for Next Mark 0,641ms
[2022-12-04T19:54:43.717+0100][5,849s] GC(5) Concurrent Cycle 30,699ms
[2022-12-04T19:55:32.467+0100][54,598s] GC(6) Pause Young (Normal) (G1 Evacuation Pause)
[2022-12-04T19:55:32.467+0100][54,598s] GC(6) Using 10 workers of 10 for evacuation
[2022-12-04T19:55:32.497+0100][54,629s] GC(6)   Pre Evacuate Collection Set: 0,0ms
[2022-12-04T19:55:32.497+0100][54,629s] GC(6)   Evacuate Collection Set: 14,6ms
[2022-12-04T19:55:32.497+0100][54,629s] GC(6)   Post Evacuate Collection Set: 15,9ms
[2022-12-04T19:55:32.497+0100][54,629s] GC(6)   Other: 0,3ms
[2022-12-04T19:55:32.497+0100][54,629s] GC(6) Eden regions: 299->0(286)
[2022-12-04T19:55:32.497+0100][54,629s] GC(6) Survivor regions: 8->21(39)
[2022-12-04T19:55:32.497+0100][54,629s] GC(6) Old regions: 19->19
[2022-12-04T19:55:32.497+0100][54,629s] GC(6) Humongous regions: 9->5
[2022-12-04T19:55:32.497+0100][54,629s] GC(6) Metaspace: 46085K(47872K)->46085K(47872K) NonClass: 40633K(41728K)->40633K(41728K) Class: 5451K(6144K)->5451K(6144K)
[2022-12-04T19:55:32.497+0100][54,629s] GC(6) Pause Young (Normal) (G1 Evacuation Pause) 333M->43M(512M) 30,877ms
[2022-12-04T19:55:32.497+0100][54,629s] GC(6) User=0,19s Sys=0,01s Real=0,03s
[2022-12-04T19:55:33.705+0100][55,836s] GC(7) Pause Young (Normal) (G1 Evacuation Pause)
[2022-12-04T19:55:33.705+0100][55,836s] GC(7) Using 10 workers of 10 for evacuation
[2022-12-04T19:55:33.758+0100][55,890s] GC(7)   Pre Evacuate Collection Set: 0,0ms
[2022-12-04T19:55:33.758+0100][55,890s] GC(7)   Evacuate Collection Set: 49,5ms
[2022-12-04T19:55:33.758+0100][55,890s] GC(7)   Post Evacuate Collection Set: 3,3ms
[2022-12-04T19:55:33.758+0100][55,890s] GC(7)   Other: 0,3ms
[2022-12-04T19:55:33.758+0100][55,890s] GC(7) Eden regions: 286->0(287)
[2022-12-04T19:55:33.758+0100][55,890s] GC(7) Survivor regions: 21->20(39)
[2022-12-04T19:55:33.758+0100][55,890s] GC(7) Old regions: 19->25
[2022-12-04T19:55:33.758+0100][55,890s] GC(7) Humongous regions: 5->5
[2022-12-04T19:55:33.758+0100][55,890s] GC(7) Metaspace: 54263K(56192K)->54263K(56192K) NonClass: 47765K(48896K)->47765K(48896K) Class: 6497K(7296K)->6497K(7296K)
[2022-12-04T19:55:33.758+0100][55,890s] GC(7) Pause Young (Normal) (G1 Evacuation Pause) 329M->47M(512M) 53,623ms
[2022-12-04T19:55:33.759+0100][55,890s] GC(7) User=0,19s Sys=0,01s Real=0,05s
[2022-12-04T19:55:35.951+0100][58,083s] GC(8) Pause Young (Concurrent Start) (Metadata GC Threshold)
[2022-12-04T19:55:35.951+0100][58,083s] GC(8) Using 10 workers of 10 for evacuation
[2022-12-04T19:55:35.971+0100][58,103s] GC(8)   Pre Evacuate Collection Set: 0,3ms
[2022-12-04T19:55:35.971+0100][58,103s] GC(8)   Evacuate Collection Set: 17,4ms
[2022-12-04T19:55:35.971+0100][58,103s] GC(8)   Post Evacuate Collection Set: 1,8ms
[2022-12-04T19:55:35.971+0100][58,103s] GC(8)   Other: 0,3ms
[2022-12-04T19:55:35.971+0100][58,103s] GC(8) Eden regions: 183->0(279)
[2022-12-04T19:55:35.971+0100][58,103s] GC(8) Survivor regions: 20->28(39)
[2022-12-04T19:55:35.971+0100][58,103s] GC(8) Old regions: 25->25
[2022-12-04T19:55:35.971+0100][58,103s] GC(8) Humongous regions: 10->8
[2022-12-04T19:55:35.971+0100][58,103s] GC(8) Metaspace: 58055K(60160K)->58055K(60160K) NonClass: 51064K(52224K)->51064K(52224K) Class: 6990K(7936K)->6990K(7936K)
[2022-12-04T19:55:35.971+0100][58,103s] GC(8) Pause Young (Concurrent Start) (Metadata GC Threshold) 235M->58M(512M) 19,816ms
[2022-12-04T19:55:35.971+0100][58,103s] GC(8) User=0,10s Sys=0,00s Real=0,02s
[2022-12-04T19:55:35.971+0100][58,103s] GC(9) Concurrent Cycle
[2022-12-04T19:55:35.971+0100][58,103s] GC(9) Concurrent Clear Claimed Marks
[2022-12-04T19:55:35.971+0100][58,103s] GC(9) Concurrent Clear Claimed Marks 0,036ms
[2022-12-04T19:55:35.971+0100][58,103s] GC(9) Concurrent Scan Root Regions
[2022-12-04T19:55:35.977+0100][58,108s] GC(9) Concurrent Scan Root Regions 5,231ms
[2022-12-04T19:55:35.977+0100][58,108s] GC(9) Concurrent Mark (58,108s)
[2022-12-04T19:55:35.977+0100][58,108s] GC(9) Concurrent Mark From Roots
[2022-12-04T19:55:35.977+0100][58,108s] GC(9) Using 3 workers of 3 for marking
[2022-12-04T19:55:35.997+0100][58,129s] GC(9) Concurrent Mark From Roots 20,409ms
[2022-12-04T19:55:35.997+0100][58,129s] GC(9) Concurrent Preclean
[2022-12-04T19:55:35.997+0100][58,129s] GC(9) Concurrent Preclean 0,224ms
[2022-12-04T19:55:35.998+0100][58,129s] GC(9) Concurrent Mark (58,108s, 58,129s) 20,750ms
[2022-12-04T19:55:35.998+0100][58,129s] GC(9) Pause Remark
[2022-12-04T19:55:36.004+0100][58,136s] GC(9) Cleaned string and symbol table, strings: 26595 processed, 8 removed, symbols: 151498 processed, 467 removed
[2022-12-04T19:55:36.004+0100][58,136s] GC(9) Pause Remark 66M->66M(512M) 6,827ms
[2022-12-04T19:55:36.004+0100][58,136s] GC(9) User=0,03s Sys=0,00s Real=0,01s
[2022-12-04T19:55:36.006+0100][58,137s] GC(9) Concurrent Rebuild Remembered Sets
[2022-12-04T19:55:36.012+0100][58,143s] GC(9) Concurrent Rebuild Remembered Sets 6,385ms
[2022-12-04T19:55:36.012+0100][58,144s] GC(9) Pause Cleanup
[2022-12-04T19:55:36.012+0100][58,144s] GC(9) Pause Cleanup 67M->67M(512M) 0,130ms
[2022-12-04T19:55:36.012+0100][58,144s] GC(9) User=0,00s Sys=0,00s Real=0,00s
[2022-12-04T19:55:36.013+0100][58,144s] GC(9) Concurrent Cleanup for Next Mark
[2022-12-04T19:55:36.014+0100][58,145s] GC(9) Concurrent Cleanup for Next Mark 0,834ms
[2022-12-04T19:55:36.014+0100][58,145s] GC(9) Concurrent Cycle 42,364ms
[2022-12-04T19:55:43.657+0100][65,789s] GC(10) Pause Young (Normal) (G1 Evacuation Pause)
[2022-12-04T19:55:43.657+0100][65,789s] GC(10) Using 10 workers of 10 for evacuation
[2022-12-04T19:55:43.667+0100][65,799s] GC(10)   Pre Evacuate Collection Set: 0,0ms
[2022-12-04T19:55:43.667+0100][65,799s] GC(10)   Evacuate Collection Set: 8,3ms
[2022-12-04T19:55:43.667+0100][65,799s] GC(10)   Post Evacuate Collection Set: 1,5ms
[2022-12-04T19:55:43.667+0100][65,799s] GC(10)   Other: 0,2ms
[2022-12-04T19:55:43.667+0100][65,799s] GC(10) Eden regions: 279->0(288)
[2022-12-04T19:55:43.667+0100][65,799s] GC(10) Survivor regions: 28->19(39)
[2022-12-04T19:55:43.667+0100][65,799s] GC(10) Old regions: 25->39
[2022-12-04T19:55:43.667+0100][65,799s] GC(10) Humongous regions: 8->8
[2022-12-04T19:55:43.667+0100][65,799s] GC(10) Metaspace: 60328K(62720K)->60328K(62720K) NonClass: 53102K(54528K)->53102K(54528K) Class: 7226K(8192K)->7226K(8192K)
[2022-12-04T19:55:43.667+0100][65,799s] GC(10) Pause Young (Normal) (G1 Evacuation Pause) 337M->64M(512M) 10,115ms
[2022-12-04T19:55:43.667+0100][65,799s] GC(10) User=0,06s Sys=0,01s Real=0,01s
[2022-12-04T20:04:09.740+0100][571,872s] GC(11) Pause Young (Normal) (G1 Evacuation Pause)
[2022-12-04T20:04:09.741+0100][571,872s] GC(11) Using 10 workers of 10 for evacuation
[2022-12-04T20:04:09.748+0100][571,880s] GC(11)   Pre Evacuate Collection Set: 0,0ms
[2022-12-04T20:04:09.748+0100][571,880s] GC(11)   Evacuate Collection Set: 6,5ms
[2022-12-04T20:04:09.748+0100][571,880s] GC(11)   Post Evacuate Collection Set: 1,1ms
[2022-12-04T20:04:09.748+0100][571,880s] GC(11)   Other: 0,2ms
[2022-12-04T20:04:09.748+0100][571,880s] GC(11) Eden regions: 288->0(282)
[2022-12-04T20:04:09.748+0100][571,880s] GC(11) Survivor regions: 19->25(39)
[2022-12-04T20:04:09.748+0100][571,880s] GC(11) Old regions: 39->39
[2022-12-04T20:04:09.748+0100][571,880s] GC(11) Humongous regions: 8->8
[2022-12-04T20:04:09.748+0100][571,880s] GC(11) Metaspace: 72011K(74624K)->72011K(74624K) NonClass: 63534K(65024K)->63534K(65024K) Class: 8476K(9600K)->8476K(9600K)
[2022-12-04T20:04:09.748+0100][571,880s] GC(11) Pause Young (Normal) (G1 Evacuation Pause) 352M->70M(512M) 7,845ms
[2022-12-04T20:04:09.748+0100][571,880s] GC(11) User=0,07s Sys=0,00s Real=0,01s
[2022-12-04T20:05:38.122+0100][660,254s] GC(12) Pause Young (Normal) (G1 Evacuation Pause)
[2022-12-04T20:05:38.122+0100][660,254s] GC(12) Using 10 workers of 10 for evacuation
[2022-12-04T20:05:38.134+0100][660,266s] GC(12)   Pre Evacuate Collection Set: 0,0ms
[2022-12-04T20:05:38.134+0100][660,266s] GC(12)   Evacuate Collection Set: 10,5ms
[2022-12-04T20:05:38.134+0100][660,266s] GC(12)   Post Evacuate Collection Set: 1,6ms
[2022-12-04T20:05:38.134+0100][660,266s] GC(12)   Other: 0,2ms
[2022-12-04T20:05:38.134+0100][660,266s] GC(12) Eden regions: 282->0(283)
[2022-12-04T20:05:38.134+0100][660,266s] GC(12) Survivor regions: 25->24(39)
[2022-12-04T20:05:38.134+0100][660,266s] GC(12) Old regions: 39->43
[2022-12-04T20:05:38.134+0100][660,266s] GC(12) Humongous regions: 8->8
[2022-12-04T20:05:38.134+0100][660,266s] GC(12) Metaspace: 84769K(87936K)->84769K(87936K) NonClass: 74986K(76800K)->74986K(76800K) Class: 9782K(11136K)->9782K(11136K)
[2022-12-04T20:05:38.134+0100][660,266s] GC(12) Pause Young (Normal) (G1 Evacuation Pause) 352M->72M(512M) 12,409ms
[2022-12-04T20:05:38.135+0100][660,266s] GC(12) User=0,09s Sys=0,00s Real=0,02s
[2022-12-04T20:05:50.979+0100][673,110s] Heap
[2022-12-04T20:05:50.979+0100][673,110s]  garbage-first heap   total 524288K, used 99292K [0x00000000e0000000, 0x0000000100000000)
[2022-12-04T20:05:50.979+0100][673,110s]   region size 1024K, 49 young (50176K), 24 survivors (24576K)
[2022-12-04T20:05:50.979+0100][673,110s]  Metaspace       used 85095K, capacity 87904K, committed 88192K, reserved 1126400K
[2022-12-04T20:05:50.979+0100][673,110s]   class space    used 9827K, capacity 11057K, committed 11136K, reserved 1048576K
