[2022-12-04T19:54:45.251+0100][0.025s] Heap region size: 1M
[2022-12-04T19:54:45.262+0100][0.036s] Using G1
[2022-12-04T19:54:45.262+0100][0.036s] Heap address: 0x00000000e0000000, size: 512 MB, Compressed Oops mode: 32-bit
[2022-12-04T19:54:45.262+0100][0.036s] Mark closed archive regions in map: [0x00000000fff00000, 0x00000000fff6aff8]
[2022-12-04T19:54:45.262+0100][0.036s] Mark open archive regions in map: [0x00000000ffe00000, 0x00000000ffe47ff8]
[2022-12-04T19:54:45.760+0100][0,534s] GC(0) Pause Young (Normal) (G1 Evacuation Pause)
[2022-12-04T19:54:45.760+0100][0,534s] GC(0) Using 10 workers of 10 for evacuation
[2022-12-04T19:54:45.766+0100][0,540s] GC(0)   Pre Evacuate Collection Set: 0,0ms
[2022-12-04T19:54:45.766+0100][0,540s] GC(0)   Evacuate Collection Set: 5,1ms
[2022-12-04T19:54:45.766+0100][0,540s] GC(0)   Post Evacuate Collection Set: 0,6ms
[2022-12-04T19:54:45.766+0100][0,540s] GC(0)   Other: 0,5ms
[2022-12-04T19:54:45.766+0100][0,540s] GC(0) Eden regions: 30->0(303)
[2022-12-04T19:54:45.766+0100][0,540s] GC(0) Survivor regions: 0->4(4)
[2022-12-04T19:54:45.766+0100][0,540s] GC(0) Old regions: 2->2
[2022-12-04T19:54:45.766+0100][0,540s] GC(0) Humongous regions: 0->0
[2022-12-04T19:54:45.766+0100][0,540s] GC(0) Metaspace: 7406K(8192K)->7406K(8192K) NonClass: 6543K(7168K)->6543K(7168K) Class: 862K(1024K)->862K(1024K)
[2022-12-04T19:54:45.766+0100][0,540s] GC(0) Pause Young (Normal) (G1 Evacuation Pause) 30M->3M(512M) 6,307ms
[2022-12-04T19:54:45.766+0100][0,540s] GC(0) User=0,05s Sys=0,00s Real=0,01s
[2022-12-04T19:54:46.759+0100][1,533s] GC(1) Pause Young (Concurrent Start) (Metadata GC Threshold)
[2022-12-04T19:54:46.759+0100][1,533s] GC(1) Using 10 workers of 10 for evacuation
[2022-12-04T19:54:46.774+0100][1,548s] GC(1)   Pre Evacuate Collection Set: 0,1ms
[2022-12-04T19:54:46.774+0100][1,548s] GC(1)   Evacuate Collection Set: 13,7ms
[2022-12-04T19:54:46.774+0100][1,548s] GC(1)   Post Evacuate Collection Set: 1,3ms
[2022-12-04T19:54:46.774+0100][1,548s] GC(1)   Other: 0,3ms
[2022-12-04T19:54:46.774+0100][1,548s] GC(1) Eden regions: 158->0(159)
[2022-12-04T19:54:46.774+0100][1,548s] GC(1) Survivor regions: 4->18(39)
[2022-12-04T19:54:46.774+0100][1,548s] GC(1) Old regions: 2->2
[2022-12-04T19:54:46.774+0100][1,548s] GC(1) Humongous regions: 4->4
[2022-12-04T19:54:46.774+0100][1,548s] GC(1) Metaspace: 20348K(21248K)->20348K(21248K) NonClass: 17956K(18432K)->17956K(18432K) Class: 2392K(2816K)->2392K(2816K)
[2022-12-04T19:54:46.774+0100][1,548s] GC(1) Pause Young (Concurrent Start) (Metadata GC Threshold) 165M->22M(512M) 15,637ms
[2022-12-04T19:54:46.775+0100][1,549s] GC(1) User=0,06s Sys=0,02s Real=0,02s
[2022-12-04T19:54:46.775+0100][1,549s] GC(2) Concurrent Cycle
[2022-12-04T19:54:46.775+0100][1,549s] GC(2) Concurrent Clear Claimed Marks
[2022-12-04T19:54:46.775+0100][1,549s] GC(2) Concurrent Clear Claimed Marks 0,087ms
[2022-12-04T19:54:46.775+0100][1,549s] GC(2) Concurrent Scan Root Regions
[2022-12-04T19:54:46.778+0100][1,552s] GC(2) Concurrent Scan Root Regions 3,738ms
[2022-12-04T19:54:46.778+0100][1,552s] GC(2) Concurrent Mark (1,552s)
[2022-12-04T19:54:46.778+0100][1,552s] GC(2) Concurrent Mark From Roots
[2022-12-04T19:54:46.778+0100][1,552s] GC(2) Using 3 workers of 3 for marking
[2022-12-04T19:54:46.782+0100][1,556s] GC(2) Concurrent Mark From Roots 3,392ms
[2022-12-04T19:54:46.782+0100][1,556s] GC(2) Concurrent Preclean
[2022-12-04T19:54:46.782+0100][1,556s] GC(2) Concurrent Preclean 0,059ms
[2022-12-04T19:54:46.782+0100][1,556s] GC(2) Concurrent Mark (1,552s, 1,556s) 3,488ms
[2022-12-04T19:54:46.782+0100][1,556s] GC(2) Pause Remark
[2022-12-04T19:54:46.783+0100][1,557s] GC(2) Cleaned string and symbol table, strings: 9845 processed, 0 removed, symbols: 57692 processed, 32 removed
[2022-12-04T19:54:46.783+0100][1,557s] GC(2) Pause Remark 22M->22M(512M) 1,401ms
[2022-12-04T19:54:46.784+0100][1,558s] GC(2) User=0,01s Sys=0,00s Real=0,01s
[2022-12-04T19:54:46.784+0100][1,558s] GC(2) Concurrent Rebuild Remembered Sets
[2022-12-04T19:54:46.785+0100][1,559s] GC(2) Concurrent Rebuild Remembered Sets 1,727ms
[2022-12-04T19:54:46.785+0100][1,559s] GC(2) Pause Cleanup
[2022-12-04T19:54:46.785+0100][1,559s] GC(2) Pause Cleanup 22M->22M(512M) 0,081ms
[2022-12-04T19:54:46.785+0100][1,559s] GC(2) User=0,00s Sys=0,00s Real=0,00s
[2022-12-04T19:54:46.785+0100][1,559s] GC(2) Concurrent Cleanup for Next Mark
[2022-12-04T19:54:46.786+0100][1,560s] GC(2) Concurrent Cleanup for Next Mark 0,470ms
[2022-12-04T19:54:46.786+0100][1,560s] GC(2) Concurrent Cycle 11,378ms
[2022-12-04T19:54:47.412+0100][2,186s] GC(3) Pause Young (Concurrent Start) (G1 Evacuation Pause)
[2022-12-04T19:54:47.412+0100][2,186s] GC(3) Using 10 workers of 10 for evacuation
[2022-12-04T19:54:47.428+0100][2,202s] GC(3)   Pre Evacuate Collection Set: 0,1ms
[2022-12-04T19:54:47.428+0100][2,202s] GC(3)   Evacuate Collection Set: 12,3ms
[2022-12-04T19:54:47.428+0100][2,202s] GC(3)   Post Evacuate Collection Set: 4,2ms
[2022-12-04T19:54:47.428+0100][2,202s] GC(3)   Other: 0,2ms
[2022-12-04T19:54:47.428+0100][2,202s] GC(3) Eden regions: 143->0(216)
[2022-12-04T19:54:47.428+0100][2,202s] GC(3) Survivor regions: 18->5(21)
[2022-12-04T19:54:47.429+0100][2,203s] GC(3) Old regions: 2->20
[2022-12-04T19:54:47.429+0100][2,203s] GC(3) Humongous regions: 4->4
[2022-12-04T19:54:47.429+0100][2,203s] GC(3) Metaspace: 29380K(30464K)->29380K(30464K) NonClass: 25986K(26624K)->25986K(26624K) Class: 3393K(3840K)->3393K(3840K)
[2022-12-04T19:54:47.429+0100][2,203s] GC(3) Pause Young (Concurrent Start) (G1 Evacuation Pause) 165M->26M(512M) 16,977ms
[2022-12-04T19:54:47.429+0100][2,203s] GC(3) User=0,08s Sys=0,00s Real=0,01s
[2022-12-04T19:54:47.429+0100][2,203s] GC(4) Concurrent Cycle
[2022-12-04T19:54:47.429+0100][2,203s] GC(4) Concurrent Clear Claimed Marks
[2022-12-04T19:54:47.429+0100][2,203s] GC(4) Concurrent Clear Claimed Marks 0,115ms
[2022-12-04T19:54:47.429+0100][2,203s] GC(4) Concurrent Scan Root Regions
[2022-12-04T19:54:47.430+0100][2,204s] GC(4) Concurrent Scan Root Regions 1,227ms
[2022-12-04T19:54:47.430+0100][2,204s] GC(4) Concurrent Mark (2,204s)
[2022-12-04T19:54:47.430+0100][2,204s] GC(4) Concurrent Mark From Roots
[2022-12-04T19:54:47.430+0100][2,204s] GC(4) Using 3 workers of 3 for marking
[2022-12-04T19:54:47.446+0100][2,220s] GC(4) Concurrent Mark From Roots 15,805ms
[2022-12-04T19:54:47.446+0100][2,220s] GC(4) Concurrent Preclean
[2022-12-04T19:54:47.446+0100][2,220s] GC(4) Concurrent Preclean 0,141ms
[2022-12-04T19:54:47.446+0100][2,220s] GC(4) Concurrent Mark (2,204s, 2,220s) 16,023ms
[2022-12-04T19:54:47.446+0100][2,220s] GC(4) Pause Remark
[2022-12-04T19:54:47.454+0100][2,228s] GC(4) Cleaned string and symbol table, strings: 13589 processed, 0 removed, symbols: 86419 processed, 43 removed
[2022-12-04T19:54:47.454+0100][2,228s] GC(4) Pause Remark 27M->27M(512M) 7,991ms
[2022-12-04T19:54:47.454+0100][2,228s] GC(4) User=0,03s Sys=0,00s Real=0,01s
[2022-12-04T19:54:47.455+0100][2,229s] GC(4) Concurrent Rebuild Remembered Sets
[2022-12-04T19:54:47.468+0100][2,242s] GC(4) Concurrent Rebuild Remembered Sets 13,031ms
[2022-12-04T19:54:47.468+0100][2,242s] GC(4) Pause Cleanup
[2022-12-04T19:54:47.468+0100][2,242s] GC(4) Pause Cleanup 29M->29M(512M) 0,138ms
[2022-12-04T19:54:47.468+0100][2,242s] GC(4) User=0,00s Sys=0,00s Real=0,00s
[2022-12-04T19:54:47.468+0100][2,242s] GC(4) Concurrent Cleanup for Next Mark
[2022-12-04T19:54:47.469+0100][2,243s] GC(4) Concurrent Cleanup for Next Mark 1,114ms
[2022-12-04T19:54:47.469+0100][2,243s] GC(4) Concurrent Cycle 40,327ms
[2022-12-04T19:55:32.288+0100][47,062s] GC(5) Pause Young (Normal) (G1 Evacuation Pause)
[2022-12-04T19:55:32.288+0100][47,062s] GC(5) Using 10 workers of 10 for evacuation
[2022-12-04T19:55:32.300+0100][47,074s] GC(5)   Pre Evacuate Collection Set: 0,0ms
[2022-12-04T19:55:32.300+0100][47,074s] GC(5)   Evacuate Collection Set: 10,4ms
[2022-12-04T19:55:32.300+0100][47,074s] GC(5)   Post Evacuate Collection Set: 1,4ms
[2022-12-04T19:55:32.300+0100][47,074s] GC(5)   Other: 0,2ms
[2022-12-04T19:55:32.300+0100][47,074s] GC(5) Eden regions: 216->0(244)
[2022-12-04T19:55:32.300+0100][47,074s] GC(5) Survivor regions: 5->16(28)
[2022-12-04T19:55:32.300+0100][47,074s] GC(5) Old regions: 20->20
[2022-12-04T19:55:32.300+0100][47,074s] GC(5) Humongous regions: 8->5
[2022-12-04T19:55:32.300+0100][47,074s] GC(5) Metaspace: 40048K(41728K)->40048K(41728K) NonClass: 35305K(36352K)->35305K(36352K) Class: 4742K(5376K)->4742K(5376K)
[2022-12-04T19:55:32.300+0100][47,074s] GC(5) Pause Young (Normal) (G1 Evacuation Pause) 246M->37M(512M) 12,207ms
[2022-12-04T19:55:32.300+0100][47,074s] GC(5) User=0,06s Sys=0,01s Real=0,01s
[2022-12-04T19:55:33.357+0100][48,131s] GC(6) Pause Young (Normal) (G1 Evacuation Pause)
[2022-12-04T19:55:33.357+0100][48,131s] GC(6) Using 10 workers of 10 for evacuation
[2022-12-04T19:55:33.381+0100][48,155s] GC(6)   Pre Evacuate Collection Set: 0,0ms
[2022-12-04T19:55:33.382+0100][48,156s] GC(6)   Evacuate Collection Set: 20,7ms
[2022-12-04T19:55:33.382+0100][48,156s] GC(6)   Post Evacuate Collection Set: 3,2ms
[2022-12-04T19:55:33.382+0100][48,156s] GC(6)   Other: 0,3ms
[2022-12-04T19:55:33.382+0100][48,156s] GC(6) Eden regions: 244->0(287)
[2022-12-04T19:55:33.382+0100][48,156s] GC(6) Survivor regions: 16->20(33)
[2022-12-04T19:55:33.382+0100][48,156s] GC(6) Old regions: 20->20
[2022-12-04T19:55:33.382+0100][48,156s] GC(6) Humongous regions: 5->5
[2022-12-04T19:55:33.382+0100][48,156s] GC(6) Metaspace: 48213K(50048K)->48213K(50048K) NonClass: 42443K(43520K)->42443K(43520K) Class: 5770K(6528K)->5770K(6528K)
[2022-12-04T19:55:33.382+0100][48,156s] GC(6) Pause Young (Normal) (G1 Evacuation Pause) 281M->42M(512M) 24,565ms
[2022-12-04T19:55:33.382+0100][48,156s] GC(6) User=0,09s Sys=0,01s Real=0,02s
[2022-12-04T19:55:33.467+0100][48,241s] GC(7) Pause Young (Concurrent Start) (Metadata GC Threshold)
[2022-12-04T19:55:33.467+0100][48,241s] GC(7) Using 10 workers of 10 for evacuation
[2022-12-04T19:55:33.484+0100][48,258s] GC(7)   Pre Evacuate Collection Set: 0,2ms
[2022-12-04T19:55:33.485+0100][48,259s] GC(7)   Evacuate Collection Set: 16,5ms
[2022-12-04T19:55:33.485+0100][48,259s] GC(7)   Post Evacuate Collection Set: 0,5ms
[2022-12-04T19:55:33.485+0100][48,259s] GC(7)   Other: 0,2ms
[2022-12-04T19:55:33.485+0100][48,259s] GC(7) Eden regions: 23->0(285)
[2022-12-04T19:55:33.485+0100][48,259s] GC(7) Survivor regions: 20->21(39)
[2022-12-04T19:55:33.485+0100][48,259s] GC(7) Old regions: 20->20
[2022-12-04T19:55:33.485+0100][48,259s] GC(7) Humongous regions: 5->5
[2022-12-04T19:55:33.485+0100][48,259s] GC(7) Metaspace: 48844K(50688K)->48844K(50688K) NonClass: 43012K(44032K)->43012K(44032K) Class: 5831K(6656K)->5831K(6656K)
[2022-12-04T19:55:33.485+0100][48,259s] GC(7) Pause Young (Concurrent Start) (Metadata GC Threshold) 65M->43M(512M) 17,723ms
[2022-12-04T19:55:33.485+0100][48,259s] GC(7) User=0,06s Sys=0,00s Real=0,02s
[2022-12-04T19:55:33.485+0100][48,259s] GC(8) Concurrent Cycle
[2022-12-04T19:55:33.485+0100][48,259s] GC(8) Concurrent Clear Claimed Marks
[2022-12-04T19:55:33.485+0100][48,259s] GC(8) Concurrent Clear Claimed Marks 0,072ms
[2022-12-04T19:55:33.485+0100][48,259s] GC(8) Concurrent Scan Root Regions
[2022-12-04T19:55:33.489+0100][48,263s] GC(8) Concurrent Scan Root Regions 4,283ms
[2022-12-04T19:55:33.489+0100][48,263s] GC(8) Concurrent Mark (48,263s)
[2022-12-04T19:55:33.489+0100][48,263s] GC(8) Concurrent Mark From Roots
[2022-12-04T19:55:33.489+0100][48,263s] GC(8) Using 3 workers of 3 for marking
[2022-12-04T19:55:33.523+0100][48,297s] GC(8) Concurrent Mark From Roots 33,219ms
[2022-12-04T19:55:33.523+0100][48,297s] GC(8) Concurrent Preclean
[2022-12-04T19:55:33.523+0100][48,297s] GC(8) Concurrent Preclean 0,141ms
[2022-12-04T19:55:33.523+0100][48,297s] GC(8) Concurrent Mark (48,263s, 48,297s) 33,556ms
[2022-12-04T19:55:33.543+0100][48,317s] GC(8) Pause Remark
[2022-12-04T19:55:33.559+0100][48,333s] GC(8) Cleaned string and symbol table, strings: 23451 processed, 26 removed, symbols: 136962 processed, 335 removed
[2022-12-04T19:55:33.559+0100][48,333s] GC(8) Pause Remark 55M->55M(512M) 16,201ms
[2022-12-04T19:55:33.559+0100][48,333s] GC(8) User=0,05s Sys=0,00s Real=0,01s
[2022-12-04T19:55:33.559+0100][48,333s] GC(8) Concurrent Rebuild Remembered Sets
[2022-12-04T19:55:33.566+0100][48,340s] GC(8) Concurrent Rebuild Remembered Sets 7,315ms
[2022-12-04T19:55:33.567+0100][48,341s] GC(8) Pause Cleanup
[2022-12-04T19:55:33.567+0100][48,341s] GC(8) Pause Cleanup 55M->55M(512M) 0,181ms
[2022-12-04T19:55:33.567+0100][48,341s] GC(8) User=0,00s Sys=0,00s Real=0,00s
[2022-12-04T19:55:33.567+0100][48,341s] GC(8) Concurrent Cleanup for Next Mark
[2022-12-04T19:55:33.568+0100][48,342s] GC(8) Concurrent Cleanup for Next Mark 0,536ms
[2022-12-04T19:55:33.568+0100][48,342s] GC(8) Concurrent Cycle 83,007ms
[2022-12-04T19:55:36.409+0100][51,183s] GC(9) Pause Young (Normal) (G1 Evacuation Pause)
[2022-12-04T19:55:36.409+0100][51,183s] GC(9) Using 10 workers of 10 for evacuation
[2022-12-04T19:55:36.427+0100][51,201s] GC(9)   Pre Evacuate Collection Set: 0,0ms
[2022-12-04T19:55:36.427+0100][51,201s] GC(9)   Evacuate Collection Set: 13,4ms
[2022-12-04T19:55:36.427+0100][51,201s] GC(9)   Post Evacuate Collection Set: 4,7ms
[2022-12-04T19:55:36.427+0100][51,201s] GC(9)   Other: 0,2ms
[2022-12-04T19:55:36.427+0100][51,201s] GC(9) Eden regions: 285->0(276)
[2022-12-04T19:55:36.427+0100][51,201s] GC(9) Survivor regions: 21->31(39)
[2022-12-04T19:55:36.427+0100][51,201s] GC(9) Old regions: 20->20
[2022-12-04T19:55:36.427+0100][51,201s] GC(9) Humongous regions: 10->8
[2022-12-04T19:55:36.427+0100][51,201s] GC(9) Metaspace: 56246K(58624K)->56246K(58624K) NonClass: 49350K(50688K)->49350K(50688K) Class: 6895K(7936K)->6895K(7936K)
[2022-12-04T19:55:36.427+0100][51,201s] GC(9) Pause Young (Normal) (G1 Evacuation Pause) 333M->56M(512M) 18,394ms
[2022-12-04T19:55:36.427+0100][51,201s] GC(9) User=0,10s Sys=0,03s Real=0,02s
[2022-12-04T20:05:56.594+0100][671,368s] Heap
[2022-12-04T20:05:56.595+0100][671,369s]  garbage-first heap   total 524288K, used 250555K [0x00000000e0000000, 0x0000000100000000)
[2022-12-04T20:05:56.595+0100][671,369s]   region size 1024K, 221 young (226304K), 31 survivors (31744K)
[2022-12-04T20:05:56.595+0100][671,369s]  Metaspace       used 61604K, capacity 63922K, committed 64128K, reserved 1105920K
[2022-12-04T20:05:56.595+0100][671,369s]   class space    used 7463K, capacity 8466K, committed 8576K, reserved 1048576K
